// Jest Snapshot v1, https://goo.gl/fbAQLP

exports[`Button snapshots should match snapshot 1`] = `
<button
  className="sc-bczRLJ uFwyM Button-container"
  data-testid="Button-container"
  onClick={[Function]}
/>
`;
